// Jest Snapshot v1, https://goo.gl/fbAQLP

exports[`BarsContent Renders 1`] = `
<svg
  height="30"
  viewBox="0 0 448 512"
  width="26.25"
  xmlns="http://www.w3.org/2000/svg"
>
  <path
    className="decred-ui-navbar-menu-bars"
    d="M436 124H12c-6.627 0-12-5.373-12-12V80c0-6.627 5.373-12 12-12h424c6.627 0 12 5.373 12 12v32c0 6.627-5.373 12-12 12zm0 160H12c-6.627 0-12-5.373-12-12v-32c0-6.627 5.373-12 12-12h424c6.627 0 12 5.373 12 12v32c0 6.627-5.373 12-12 12zm0 160H12c-6.627 0-12-5.373-12-12v-32c0-6.627 5.373-12 12-12h424c6.627 0 12 5.373 12 12v32c0 6.627-5.373 12-12 12z"
  />
</svg>
`;
