// Jest Snapshot v1, https://goo.gl/fbAQLP

exports[`Divider Renders with defaults 1`] = `
ShallowWrapper {
  "length": 1,
  Symbol(enzyme.__root__): [Circular],
  Symbol(enzyme.__unrendered__): <Divider
    icon="dcr"
    iconColor={null}
    iconOnly={false}
    lineStyle={Object {}}
    ratio={1}
    scale={1}
    text={
        Array [
            Object {
              "case": "lower",
              "text": "de",
            },
            Object {
              "case": "upper",
              "text": "cred",
            },
          ]
    }
    textColor={null}
    textOnly={false}
    textStyle={Object {}}
    theme="primaryPositive"
/>,
  Symbol(enzyme.__renderer__): Object {
    "batchedUpdates": [Function],
    "getNode": [Function],
    "render": [Function],
    "simulateEvent": [Function],
    "unmount": [Function],
  },
  Symbol(enzyme.__node__): Object {
    "instance": null,
    "key": undefined,
    "nodeType": "host",
    "props": Object {
      "children": Array [
        <span
          className="decred-ui-divider-left"
          style={Object {}}
/>,
        undefined,
        <span
          className="decred-ui-divider-right"
          style={
                    Object {
                              "flex": 1,
                              "lineStyle": Object {},
                            }
          }
/>,
      ],
      "className": "decred-ui-divider",
    },
    "ref": null,
    "rendered": Array [
      Object {
        "instance": null,
        "key": undefined,
        "nodeType": "host",
        "props": Object {
          "className": "decred-ui-divider-left",
          "style": Object {},
        },
        "ref": null,
        "rendered": null,
        "type": "span",
      },
      undefined,
      Object {
        "instance": null,
        "key": undefined,
        "nodeType": "host",
        "props": Object {
          "className": "decred-ui-divider-right",
          "style": Object {
            "flex": 1,
            "lineStyle": Object {},
          },
        },
        "ref": null,
        "rendered": null,
        "type": "span",
      },
    ],
    "type": "div",
  },
  Symbol(enzyme.__nodes__): Array [
    Object {
      "instance": null,
      "key": undefined,
      "nodeType": "host",
      "props": Object {
        "children": Array [
          <span
            className="decred-ui-divider-left"
            style={Object {}}
/>,
          undefined,
          <span
            className="decred-ui-divider-right"
            style={
                        Object {
                                    "flex": 1,
                                    "lineStyle": Object {},
                                  }
            }
/>,
        ],
        "className": "decred-ui-divider",
      },
      "ref": null,
      "rendered": Array [
        Object {
          "instance": null,
          "key": undefined,
          "nodeType": "host",
          "props": Object {
            "className": "decred-ui-divider-left",
            "style": Object {},
          },
          "ref": null,
          "rendered": null,
          "type": "span",
        },
        undefined,
        Object {
          "instance": null,
          "key": undefined,
          "nodeType": "host",
          "props": Object {
            "className": "decred-ui-divider-right",
            "style": Object {
              "flex": 1,
              "lineStyle": Object {},
            },
          },
          "ref": null,
          "rendered": null,
          "type": "span",
        },
      ],
      "type": "div",
    },
  ],
  Symbol(enzyme.__options__): Object {
    "adapter": ReactSixteenAdapter {
      "options": Object {
        "enableComponentDidUpdateOnSetState": true,
      },
    },
  },
}
`;
