// Jest Snapshot v1, https://goo.gl/fbAQLP

exports[`FlipPanel Renders with defaults 1`] = `
ShallowWrapper {
  "length": 1,
  Symbol(enzyme.__root__): [Circular],
  Symbol(enzyme.__unrendered__): <FlipPanel
    back="back"
    backgroundColor={null}
    boxShadow={true}
    dim={200}
    front="front"
    style={Object {}}
    textColor={null}
    theme="blue"
/>,
  Symbol(enzyme.__renderer__): Object {
    "batchedUpdates": [Function],
    "getNode": [Function],
    "render": [Function],
    "simulateEvent": [Function],
    "unmount": [Function],
  },
  Symbol(enzyme.__node__): Object {
    "instance": null,
    "key": undefined,
    "nodeType": "host",
    "props": Object {
      "children": undefined,
      "className": "decred-ui-flip-panel",
    },
    "ref": null,
    "rendered": null,
    "type": "button",
  },
  Symbol(enzyme.__nodes__): Array [
    Object {
      "instance": null,
      "key": undefined,
      "nodeType": "host",
      "props": Object {
        "children": undefined,
        "className": "decred-ui-flip-panel",
      },
      "ref": null,
      "rendered": null,
      "type": "button",
    },
  ],
  Symbol(enzyme.__options__): Object {
    "adapter": ReactSixteenAdapter {
      "options": Object {
        "enableComponentDidUpdateOnSetState": true,
      },
    },
  },
}
`;
