// Jest Snapshot v1, https://goo.gl/fbAQLP

exports[`Mining Renders with defaults 1`] = `
ShallowWrapper {
  "length": 1,
  Symbol(enzyme.__root__): [Circular],
  Symbol(enzyme.__unrendered__): <Mining
    blockColor={null}
    duration={1.6}
    pickAxeColor={null}
    scale={1}
    theme="primaryNegative"
/>,
  Symbol(enzyme.__renderer__): Object {
    "batchedUpdates": [Function],
    "getNode": [Function],
    "render": [Function],
    "simulateEvent": [Function],
    "unmount": [Function],
  },
  Symbol(enzyme.__node__): Object {
    "instance": null,
    "key": undefined,
    "nodeType": "host",
    "props": Object {
      "children": undefined,
      "className": "decred-ui-mining-container",
    },
    "ref": null,
    "rendered": null,
    "type": "div",
  },
  Symbol(enzyme.__nodes__): Array [
    Object {
      "instance": null,
      "key": undefined,
      "nodeType": "host",
      "props": Object {
        "children": undefined,
        "className": "decred-ui-mining-container",
      },
      "ref": null,
      "rendered": null,
      "type": "div",
    },
  ],
  Symbol(enzyme.__options__): Object {
    "adapter": ReactSixteenAdapter {
      "options": Object {
        "enableComponentDidUpdateOnSetState": true,
      },
    },
  },
}
`;
