// Jest Snapshot v1, https://goo.gl/fbAQLP

exports[`RoundButton Renders with defaults 1`] = `
ShallowWrapper {
  "length": 1,
  Symbol(enzyme.__root__): [Circular],
  Symbol(enzyme.__unrendered__): <RoundButton
    boxShadow={true}
    className=""
    icon="dcr"
    iconColor={null}
    onClick={null}
    scale={1}
    style={Object {}}
    theme="primaryNegative"
/>,
  Symbol(enzyme.__renderer__): Object {
    "batchedUpdates": [Function],
    "getNode": [Function],
    "render": [Function],
    "simulateEvent": [Function],
    "unmount": [Function],
  },
  Symbol(enzyme.__node__): Object {
    "instance": null,
    "key": undefined,
    "nodeType": "host",
    "props": Object {
      "children": "logo",
      "className": "decred-ui-button decred-ui-round-button decred-ui-button-primaryNegative ",
      "onClick": null,
      "style": Object {
        "boxShadow": "0px 6px 10px rgba(0, 0, 0, 0.1)",
        "height": 40,
        "width": 40,
      },
    },
    "ref": null,
    "rendered": "logo",
    "type": "button",
  },
  Symbol(enzyme.__nodes__): Array [
    Object {
      "instance": null,
      "key": undefined,
      "nodeType": "host",
      "props": Object {
        "children": "logo",
        "className": "decred-ui-button decred-ui-round-button decred-ui-button-primaryNegative ",
        "onClick": null,
        "style": Object {
          "boxShadow": "0px 6px 10px rgba(0, 0, 0, 0.1)",
          "height": 40,
          "width": 40,
        },
      },
      "ref": null,
      "rendered": "logo",
      "type": "button",
    },
  ],
  Symbol(enzyme.__options__): Object {
    "adapter": ReactSixteenAdapter {
      "options": Object {
        "enableComponentDidUpdateOnSetState": true,
      },
    },
  },
}
`;
